[INFO] Scanning for projects...
[INFO] 
[INFO] ------------------------< com.wash:laundry-app >------------------------
[INFO] Building laundry-app 3.5.10
[INFO]   from pom.xml
[INFO] --------------------------------[ jar ]---------------------------------
[INFO] 
[INFO] --- resources:3.3.1:resources (default-resources) @ laundry-app ---
[INFO] Copying 1 resource from src\main\resources to target\classes
[INFO] Copying 4 resources from src\main\resources to target\classes
[INFO] 
[INFO] --- compiler:3.13.0:compile (default-compile) @ laundry-app ---
[INFO] Recompiling the module because of changed source code.
[INFO] Compiling 97 source files with javac [debug parameters release 23] to target\classes
[INFO] -------------------------------------------------------------
[WARNING] COMPILATION WARNING : 
[INFO] -------------------------------------------------------------
[WARNING] /C:/Users/pc/Documents/laundry/laundry-app/src/main/java/com/wash/laundry_app/command/CommandeMapper.java:[15,17] Unmapped target property: "preparateurName".
[WARNING] /C:/Users/pc/Documents/laundry/laundry-app/src/main/java/com/wash/laundry_app/clients/ClientMapper.java:[11,12] Unmapped target properties: "id, createdAt, updatedAt, createdByLivreur".
[WARNING] /C:/Users/pc/Documents/laundry/laundry-app/src/main/java/com/wash/laundry_app/clients/ClientMapper.java:[17,17] Unmapped target property: "client".
[WARNING] /C:/Users/pc/Documents/laundry/laundry-app/src/main/java/com/wash/laundry_app/clients/ClientMapper.java:[20,19] Unmapped target property: "client".
[WARNING] /C:/Users/pc/Documents/laundry/laundry-app/src/main/java/com/wash/laundry_app/users/UserMapper.java:[9,10] Unmapped target properties: "id, isActive, createdAt, updatedAt".
[WARNING] /C:/Users/pc/Documents/laundry/laundry-app/src/main/java/com/wash/laundry_app/users/UserMapper.java:[13,10] Unmapped target properties: "id, password, isActive, createdAt, updatedAt".
[WARNING] /C:/Users/pc/Documents/laundry/laundry-app/src/main/java/com/wash/laundry_app/tapis/TapisMapper.java:[12,11] Unmapped target properties: "id, images, createdAt, updatedAt".
[INFO] 7 warnings 
[INFO] -------------------------------------------------------------
[INFO] -------------------------------------------------------------
[ERROR] COMPILATION ERROR : 
[INFO] -------------------------------------------------------------
[ERROR] /C:/Users/pc/Documents/laundry/laundry-app/src/main/java/com/wash/laundry_app/users/admin/AdminService.java:[151,24] cannot find symbol
  symbol:   method getTypeMethodePaiment()
  location: variable c of type com.wash.laundry_app.command.Commande
[ERROR] /C:/Users/pc/Documents/laundry/laundry-app/src/main/java/com/wash/laundry_app/users/admin/AdminService.java:[151,60] cannot find symbol
  symbol:   method getTypeMethodePaiment()
  location: variable c of type com.wash.laundry_app.command.Commande
[ERROR] /C:/Users/pc/Documents/laundry/laundry-app/src/main/java/com/wash/laundry_app/users/admin/AdminService.java:[181,14] cannot find symbol
  symbol:   class Client
  location: class com.wash.laundry_app.users.admin.AdminService
[INFO] 3 errors 
[INFO] -------------------------------------------------------------
[INFO] ------------------------------------------------------------------------
[INFO] BUILD FAILURE
[INFO] ------------------------------------------------------------------------
[INFO] Total time:  9.132 s
[INFO] Finished at: 2026-03-16T04:37:14Z
[INFO] ------------------------------------------------------------------------
[ERROR] Failed to execute goal org.apache.maven.plugins:maven-compiler-plugin:3.13.0:compile (default-compile) on project laundry-app: Compilation failure: Compilation failure: 
[ERROR] /C:/Users/pc/Documents/laundry/laundry-app/src/main/java/com/wash/laundry_app/users/admin/AdminService.java:[151,24] cannot find symbol
[ERROR]   symbol:   method getTypeMethodePaiment()
[ERROR]   location: variable c of type com.wash.laundry_app.command.Commande
[ERROR] /C:/Users/pc/Documents/laundry/laundry-app/src/main/java/com/wash/laundry_app/users/admin/AdminService.java:[151,60] cannot find symbol
[ERROR]   symbol:   method getTypeMethodePaiment()
[ERROR]   location: variable c of type com.wash.laundry_app.command.Commande
[ERROR] /C:/Users/pc/Documents/laundry/laundry-app/src/main/java/com/wash/laundry_app/users/admin/AdminService.java:[181,14] cannot find symbol
[ERROR]   symbol:   class Client
[ERROR]   location: class com.wash.laundry_app.users.admin.AdminService
[ERROR] -> [Help 1]
[ERROR] 
[ERROR] To see the full stack trace of the errors, re-run Maven with the -e switch.
[ERROR] Re-run Maven using the -X switch to enable full debug logging.
[ERROR] 
[ERROR] For more information about the errors and possible solutions, please read the following articles:
[ERROR] [Help 1] http://cwiki.apache.org/confluence/display/MAVEN/MojoFailureException
